// Jest Snapshot v1, https://goo.gl/fbAQLP

exports[`<Nav /> renders non signed in nav when not signed in 1`] = `
Array [
  <NavStyles
    data-test="nav"
  >
    <ul
      className="NavStyles-sc-11c0d2g-0 iBzfrx"
      data-test="nav"
    >
      <Link
        href="/items"
      >
        <a
          href="/items"
          onClick={[Function]}
        >
          Shop
        </a>
      </Link>
      <Link
        href="/signup"
      >
        <a
          href="/signup"
          onClick={[Function]}
        >
          Signup
        </a>
      </Link>
      <Link
        href="/signup"
      >
        <a
          href="/signup"
          onClick={[Function]}
        >
          Signin
        </a>
      </Link>
    </ul>
  </NavStyles>,
  <ul
    className="NavStyles-sc-11c0d2g-0 iBzfrx"
    data-test="nav"
  >
    <Link
      href="/items"
    >
      <a
        href="/items"
        onClick={[Function]}
      >
        Shop
      </a>
    </Link>
    <Link
      href="/signup"
    >
      <a
        href="/signup"
        onClick={[Function]}
      >
        Signup
      </a>
    </Link>
    <Link
      href="/signup"
    >
      <a
        href="/signup"
        onClick={[Function]}
      >
        Signin
      </a>
    </Link>
  </ul>,
]
`;

exports[`<Nav /> renders right amount of cart items 1`] = `
<div
  className="count CartCount__Dot-xxvp4g-1 kDZyEW"
>
  3
</div>
`;
